// Vitest Snapshot v1, https://vitest.dev/guide/snapshot.html

exports[`GifsApp.test > should render 1`] = `
<div>
  <div
    class="content-center"
  >
    <h1>
      Buscador de gifs
    </h1>
    <p>
      Encuentra los mejores gifs
    </p>
  </div>
  <div
    class="search-container"
  >
    <input
      placeholder="Buscar lo que quieras"
      type="text"
      value=""
    />
    <button>
      Buscar
    </button>
  </div>
  <div
    class="previous-searches"
  >
    <h2>
      Búsquedas previas
    </h2>
    <ul
      class="previous-searches-list"
    />
  </div>
  <div
    class="gifs-container"
  />
</div>
`;
